// Jest Snapshot v1, https://goo.gl/fbAQLP

exports[`Test <AppRouter/> should show component success 1`] = `
<div>
  <nav
    className="navbar navbar-expand-sm navbar-dark bg-dark"
  >
    <div
      className="container-fluid"
    >
      <a
        className="navbar-brand"
        href="/"
        onClick={[Function]}
      >
        useContext
      </a>
      <div
        className="collapse navbar-collapse"
        id="navbarNavAltMarkup"
      >
        <div
          className="navbar-nav"
        >
          <a
            aria-current="page"
            className="nav-link navData => navData.isActive && 'active' active"
            href="/"
            onClick={[Function]}
          >
            Home
          </a>
          <a
            className="nav-link navData => navData.isActive && 'active'"
            href="/about"
            onClick={[Function]}
          >
            About
          </a>
          <a
            className="nav-link navData => navData.isActive && 'active'"
            href="/login"
            onClick={[Function]}
          >
            Login
          </a>
        </div>
      </div>
    </div>
  </nav>
  <div
    className="container"
  >
    <div>
      <h1>
        Home Page
      </h1>
      <hr />
      <pre>
        {
   "id": 1,
   "name": "Antonio",
   "email": "test@test.com"
}
      </pre>
    </div>
  </div>
</div>
`;
